==43289== Memcheck, a memory error detector
==43289== Copyright (C) 2002-2022, and GNU GPL'd, by Julian Seward et al.
==43289== Using Valgrind-3.22.0 and LibVEX; rerun with -h for copyright info
==43289== Command: ./compiler tests/prog1.c
==43289== Parent PID: 43288
==43289== 
==43289== 
==43289== HEAP SUMMARY:
==43289==     in use at exit: 144 bytes in 2 blocks
==43289==   total heap usage: 42 allocs, 40 frees, 24,642 bytes allocated
==43289== 
==43289== 72 bytes in 1 blocks are still reachable in loss record 1 of 2
==43289==    at 0x4846828: malloc (in /usr/libexec/valgrind/vgpreload_memcheck-amd64-linux.so)
==43289==    by 0x10F9C0: newNode (syntax_tree.c:34)
==43289==    by 0x10B6F7: yyparse (parser.y:117)
==43289==    by 0x10D57F: parse (parser.y:649)
==43289==    by 0x10A8B6: main (main.c:109)
==43289== 
==43289== 72 bytes in 1 blocks are definitely lost in loss record 2 of 2
==43289==    at 0x4846828: malloc (in /usr/libexec/valgrind/vgpreload_memcheck-amd64-linux.so)
==43289==    by 0x10F9C0: newNode (syntax_tree.c:34)
==43289==    by 0x10C2D1: yyparse (parser.y:365)
==43289==    by 0x10D57F: parse (parser.y:649)
==43289==    by 0x10A8B6: main (main.c:109)
==43289== 
==43289== LEAK SUMMARY:
==43289==    definitely lost: 72 bytes in 1 blocks
==43289==    indirectly lost: 0 bytes in 0 blocks
==43289==      possibly lost: 0 bytes in 0 blocks
==43289==    still reachable: 72 bytes in 1 blocks
==43289==         suppressed: 0 bytes in 0 blocks
==43289== 
==43289== For lists of detected and suppressed errors, rerun with: -s
==43289== ERROR SUMMARY: 2 errors from 2 contexts (suppressed: 0 from 0)
