==70446== Memcheck, a memory error detector
==70446== Copyright (C) 2002-2022, and GNU GPL'd, by Julian Seward et al.
==70446== Using Valgrind-3.22.0 and LibVEX; rerun with -h for copyright info
==70446== Command: ./compiler tests/syn1.c
==70446== Parent PID: 70445
==70446== 
==70446== 
==70446== HEAP SUMMARY:
==70446==     in use at exit: 72 bytes in 1 blocks
==70446==   total heap usage: 8 allocs, 7 frees, 22,194 bytes allocated
==70446== 
==70446== 72 bytes in 1 blocks are definitely lost in loss record 1 of 1
==70446==    at 0x4846828: malloc (in /usr/libexec/valgrind/vgpreload_memcheck-amd64-linux.so)
==70446==    by 0x10FA12: newNode (syntax_tree.c:34)
==70446==    by 0x10B8AD: yyparse (parser.y:149)
==70446==    by 0x10D5D1: parse (parser.y:651)
==70446==    by 0x10A8B6: main (main.c:109)
==70446== 
==70446== LEAK SUMMARY:
==70446==    definitely lost: 72 bytes in 1 blocks
==70446==    indirectly lost: 0 bytes in 0 blocks
==70446==      possibly lost: 0 bytes in 0 blocks
==70446==    still reachable: 0 bytes in 0 blocks
==70446==         suppressed: 0 bytes in 0 blocks
==70446== 
==70446== For lists of detected and suppressed errors, rerun with: -s
==70446== ERROR SUMMARY: 1 errors from 1 contexts (suppressed: 0 from 0)
